============================= test session starts =============================
platform win32 -- Python 3.14.2, pytest-9.0.2, pluggy-1.6.0 -- C:\Program Files\Python314\python.exe
cachedir: .pytest_cache
rootdir: C:\Users\boran\Documents\Projeler\API-Gateway-Project
configfile: pytest.ini
plugins: anyio-4.12.1, langsmith-0.7.14
collecting ... collected 0 items / 1 error

=================================== ERRORS ====================================
________ ERROR collecting auth-service/tests/unit/test_auth_service.py ________
ImportError while importing test module 'C:\Users\boran\Documents\Projeler\API-Gateway-Project\auth-service\tests\unit\test_auth_service.py'.
Hint: make sure your test modules/packages have valid Python names.
Traceback:
..\..\..\AppData\Roaming\Python\Python314\site-packages\pydantic\networks.py:965: in import_email_validator
    import email_validator
E   ModuleNotFoundError: No module named 'email_validator'

The above exception was the direct cause of the following exception:
..\..\..\AppData\Roaming\Python\Python314\site-packages\_pytest\python.py:507: in importtestmodule
    mod = import_path(
..\..\..\AppData\Roaming\Python\Python314\site-packages\_pytest\pathlib.py:587: in import_path
    importlib.import_module(module_name)
C:\Program Files\Python314\Lib\importlib\__init__.py:88: in import_module
    return _bootstrap._gcd_import(name[level:], package, level)
           ^^^^^^^^^^^^^^^^^^^^^^^^^^^^^^^^^^^^^^^^^^^^^^^^^^^^
<frozen importlib._bootstrap>:1398: in _gcd_import
    ???
<frozen importlib._bootstrap>:1371: in _find_and_load
    ???
<frozen importlib._bootstrap>:1342: in _find_and_load_unlocked
    ???
<frozen importlib._bootstrap>:938: in _load_unlocked
    ???
..\..\..\AppData\Roaming\Python\Python314\site-packages\_pytest\assertion\rewrite.py:197: in exec_module
    exec(co, module.__dict__)
auth-service\tests\unit\test_auth_service.py:5: in <module>
    from app.services.auth_service import AuthService
auth-service\app\services\auth_service.py:4: in <module>
    from app.models.auth import RegisterRequest, LoginRequest, UserCredential, UserResponse
auth-service\app\models\auth.py:3: in <module>
    class UserCredential(BaseModel):
..\..\..\AppData\Roaming\Python\Python314\site-packages\pydantic\_internal\_model_construction.py:255: in __new__
    complete_model_class(
..\..\..\AppData\Roaming\Python\Python314\site-packages\pydantic\_internal\_model_construction.py:648: in complete_model_class
    schema = gen_schema.generate_schema(cls)
             ^^^^^^^^^^^^^^^^^^^^^^^^^^^^^^^
..\..\..\AppData\Roaming\Python\Python314\site-packages\pydantic\_internal\_generate_schema.py:729: in generate_schema
    schema = self._generate_schema_inner(obj)
             ^^^^^^^^^^^^^^^^^^^^^^^^^^^^^^^^
..\..\..\AppData\Roaming\Python\Python314\site-packages\pydantic\_internal\_generate_schema.py:1023: in _generate_schema_inner
    return self._model_schema(obj)
           ^^^^^^^^^^^^^^^^^^^^^^^
..\..\..\AppData\Roaming\Python\Python314\site-packages\pydantic\_internal\_generate_schema.py:856: in _model_schema
    {k: self._generate_md_field_schema(k, v, decorators) for k, v in fields.items()},
        ^^^^^^^^^^^^^^^^^^^^^^^^^^^^^^^^^^^^^^^^^^^^^^^^
..\..\..\AppData\Roaming\Python\Python314\site-packages\pydantic\_internal\_generate_schema.py:1228: in _generate_md_field_schema
    schema, metadata = self._common_field_schema(name, field_info, decorators)
                       ^^^^^^^^^^^^^^^^^^^^^^^^^^^^^^^^^^^^^^^^^^^^^^^^^^^^^^^
..\..\..\AppData\Roaming\Python\Python314\site-packages\pydantic\_internal\_generate_schema.py:1282: in _common_field_schema
    schema = self._apply_annotations(
..\..\..\AppData\Roaming\Python\Python314\site-packages\pydantic\_internal\_generate_schema.py:2227: in _apply_annotations
    schema = get_inner_schema(source_type)
             ^^^^^^^^^^^^^^^^^^^^^^^^^^^^^
..\..\..\AppData\Roaming\Python\Python314\site-packages\pydantic\_internal\_schema_generation_shared.py:83: in __call__
    schema = self._handler(source_type)
             ^^^^^^^^^^^^^^^^^^^^^^^^^^
..\..\..\AppData\Roaming\Python\Python314\site-packages\pydantic\_internal\_generate_schema.py:2203: in inner_handler
    schema = self._generate_schema_from_get_schema_method(obj, source_type)
             ^^^^^^^^^^^^^^^^^^^^^^^^^^^^^^^^^^^^^^^^^^^^^^^^^^^^^^^^^^^^^^
..\..\..\AppData\Roaming\Python\Python314\site-packages\pydantic\_internal\_generate_schema.py:919: in _generate_schema_from_get_schema_method
    schema = get_schema(
..\..\..\AppData\Roaming\Python\Python314\site-packages\pydantic\networks.py:1005: in __get_pydantic_core_schema__
    import_email_validator()
..\..\..\AppData\Roaming\Python\Python314\site-packages\pydantic\networks.py:967: in import_email_validator
    raise ImportError("email-validator is not installed, run `pip install 'pydantic[email]'`") from e
E   ImportError: email-validator is not installed, run `pip install 'pydantic[email]'`
============================== warnings summary ===============================
..\..\..\AppData\Roaming\Python\Python314\site-packages\_pytest\config\__init__.py:1428
  C:\Users\boran\AppData\Roaming\Python\Python314\site-packages\_pytest\config\__init__.py:1428: PytestConfigWarning: Unknown config option: asyncio_mode
  
    self._warn_or_fail_if_strict(f"Unknown config option: {key}\n")

-- Docs: https://docs.pytest.org/en/stable/how-to/capture-warnings.html
=========================== short test summary info ===========================
ERROR auth-service/tests/unit/test_auth_service.py
!!!!!!!!!!!!!!!!!!! Interrupted: 1 error during collection !!!!!!!!!!!!!!!!!!!!
========================= 1 warning, 1 error in 0.31s =========================
